// Jest Snapshot v1, https://goo.gl/fbAQLP

exports[`should correctly render LoginPage 1`] = `
<div
  className="login-page"
>
  <button
    className="login-page__button"
    onClick={[Function]}
  >
    Log in
  </button>
</div>
`;
